2025-12-13 12:36:00 | DEBUG | repo=lvgl | action=test | passed=true
2025-12-21 20:50:00 | WARN | repo=lvgl | action=edit | files=1
2025-03-18 09:50:00 | INFO | repo=lvgl | action=test | passed=true
2025-01-16 19:57:00 | DEBUG | repo=lvgl | action=commit
2025-04-02 07:28:00 | DEBUG | repo=lvgl | action=commit
2025-05-18 20:02:00 | INFO | repo=lvgl | action=test | passed=true
2025-02-16 20:05:00 | DEBUG | repo=lvgl | action=commit
2025-11-27 20:01:00 | WARN | repo=lvgl | action=commit
2025-09-25 13:35:00 | DEBUG | repo=lvgl | action=edit | files=4
2025-01-13 09:31:00 | DEBUG | repo=lvgl | action=pull
2025-10-10 08:23:00 | INFO | repo=lvgl | action=test | passed=true
2025-06-20 21:15:00 | INFO | repo=lvgl | action=test | passed=true
2025-04-26 20:07:00 | WARN | repo=lvgl | action=commit
2025-09-23 11:24:00 | INFO | repo=lvgl | action=commit
2025-12-23 08:55:00 | DEBUG | repo=lvgl | action=pull
2025-07-03 08:57:00 | INFO | repo=lvgl | action=test | passed=true
2025-05-11 16:44:00 | DEBUG | repo=lvgl | action=edit | files=3
2025-02-03 09:39:00 | INFO | repo=lvgl | action=commit
2025-12-04 17:50:00 | INFO | repo=lvgl | action=commit
2025-09-19 07:51:00 | WARN | repo=lvgl | action=commit
2025-02-18 16:23:00 | DEBUG | repo=lvgl | action=commit
2025-02-21 21:48:00 | DEBUG | repo=lvgl | action=commit
2025-01-01 07:36:00 | INFO | repo=lvgl | action=commit
